keep__27: 
datapath__1: 
datapath__3: 
keep__3: 
logic__54: 
case__18: 
keep__44: 
datapath: 
reg__11: 
keep__4: 
keep__17: 
logic__79: 
logic__67: 
case__20: 
keep__54: 
keep__13: 
case__23: 
reg__9: 
keep__41: 
counter: 
case: 
keep__53: 
keep__16: 
datapath__6: 
logic__78: 
case__29: 
wtaController: 
keep__42: 
reg: 
keep__6: 
case__32: 
keep__20: 
datapath__4: 
keep__19: 
keep__39: 
case__26: 
logic__75: 
case__27: 
logic__66: 
keep__15: 
keep__24: 
logic__70: 
keep__33: 
keep__28: 
datapath__9: 
case__24: 
reg__7: 
case__16: 
reg__5: 
reg__16: 
keep__11: 
reg__18: 
keep__51: 
logic__52: 
keep__21: 
top_tension_analyzer: 
reg__12: 
keep__36: 
case__31: 
reg__6: 
reg__1: 
reg__4: 
keep__12: 
keep__50: 
datapath__8: 
logic__58: 
keep__32: 
keep: 
keep__30: 
counter__1: 
keep__46: 
keep__22: 
keep__35: 
datapath__2: 
keep__7: 
keep__38: 
keep__49: 
case__15: 
case__34: 
keep__31: 
case__21: 
keep__2: 
reg__8: 
logic: 
keep__5: 
keep__47: 
case__33: 
case__22: 
reg__17: 
reg__14: 
keep__43: 
datapath__7: 
logic__4: 
keep__26: 
logic__74: 
reg__10: 
case__19: 
counter__3: 
case__17: 
case__30: 
keep__40: 
datapath__10: 
keep__25: 
keep__29: 
keep__34: 
logic__51: 
keep__55: 
keep__9: 
keep__18: 
keep__37: 
logic__80: 
keep__45: 
logic__62: 
reg__13: 
keep__10: 
keep__14: 
keep__52: 
keep__48: 
keep__8: 
logic__65: 
datapath__5: 
reg__15: 
case__25: 
logic__71: 
logic__59: 
logic__53: 
case__35: 
case__28: 
keep__23: 
keep__1: 
counter__2: 
logic__57: 
