keep__23: 
case__23: 
datapath__4: 
reg__10: 
keep__54: 
keep__51: 
keep__31: 
logic__79: 
keep__3: 
case__40: 
keep__1: 
keep__24: 
keep__33: 
counter: 
logic__69: 
logic__106: 
logic__104: 
keep__20: 
keep__58: 
reg__23: 
keep__8: 
keep__9: 
datapath__13: 
keep__29: 
logic__68: 
reg__18: 
reg__7: 
keep__37: 
logic__70: 
keep__44: 
case__29: 
logic__75: 
case__37: 
case__33: 
keep__17: 
case__39: 
logic__97: 
logic__92: 
case__45: 
case: 
logic__101: 
reg__30: 
reg__8: 
keep__10: 
reg__12: 
logic__84: 
keep__48: 
keep__2: 
reg__1: 
reg__17: 
reg__20: 
datapath__1: 
keep__50: 
datapath__10: 
keep__43: 
case__42: 
counter__2: 
reg__27: 
datapath__9: 
reg__15: 
datapath__5: 
keep__22: 
logic__82: 
keep__19: 
reg__25: 
case__25: 
counter__1: 
keep__4: 
top_tension_analyzer: 
datapath__12: 
keep__40: 
case__43: 
reg__11: 
datapath__3: 
keep__14: 
keep__32: 
keep__7: 
reg__21: 
wtaController: 
reg__22: 
datapath__14: 
keep__36: 
case__34: 
case__47: 
case__32: 
logic__91: 
keep__42: 
case__27: 
datapath__8: 
logic__96: 
reg__29: 
keep__56: 
case__24: 
logic__83: 
keep__12: 
reg__19: 
keep__41: 
case__44: 
logic__85: 
logic__93: 
reg__24: 
datapath__11: 
keep__38: 
case__35: 
keep__39: 
case__28: 
reg__9: 
keep: 
logic__71: 
keep__53: 
logic__11: 
reg__13: 
keep__27: 
keep__59: 
keep__13: 
reg__26: 
case__30: 
keep__46: 
case__41: 
reg__28: 
keep__26: 
counter__3: 
keep__15: 
logic__105: 
datapath__2: 
keep__45: 
logic__4: 
logic: 
case__31: 
keep__57: 
datapath: 
logic__72: 
reg__3: 
logic__88: 
datapath__15: 
keep__52: 
reg__16: 
case__38: 
datapath__6: 
keep__5: 
keep__18: 
reg__6: 
datapath__7: 
keep__35: 
logic__67: 
keep__55: 
case__46: 
keep__21: 
reg: 
keep__34: 
keep__16: 
keep__49: 
keep__28: 
reg__2: 
keep__11: 
case__26: 
logic__100: 
reg__14: 
keep__25: 
keep__30: 
keep__47: 
case__36: 
keep__6: 
