keep__8: 
logic__4: 
keep__9: 
case__25: 
keep__23: 
keep__27: 
reg: 
reg__15: 
keep__15: 
keep__5: 
top_tension_analyzer_vc707: 
keep__24: 
case__20: 
keep__20: 
keep__1: 
keep__53: 
keep__12: 
logic__64: 
case__31: 
keep__33: 
keep__21: 
logic__49: 
reg__13: 
counter__1: 
keep__43: 
case__33: 
keep__6: 
wtaController: 
keep__46: 
logic__56: 
case__34: 
datapath__6: 
keep__44: 
keep__30: 
logic__72: 
keep__17: 
keep__42: 
case__17: 
case__36: 
datapath__4: 
keep__50: 
reg__5: 
keep__11: 
keep__3: 
logic__65: 
counter__3: 
keep__41: 
reg__11: 
keep: 
keep__34: 
keep__48: 
case__19: 
keep__14: 
case__35: 
keep__31: 
case__16: 
case__30: 
keep__10: 
keep__39: 
logic__52: 
reg__1: 
keep__37: 
keep__32: 
case__26: 
case__23: 
logic: 
reg__18: 
reg__10: 
keep__2: 
case__28: 
logic__51: 
logic__63: 
keep__22: 
case__24: 
keep__45: 
keep__40: 
keep__35: 
keep__29: 
reg__6: 
logic__60: 
logic__55: 
case__29: 
reg__4: 
keep__7: 
datapath__3: 
keep__49: 
keep__25: 
logic__50: 
datapath__10: 
reg__9: 
keep__36: 
logic__76: 
reg__7: 
reg__16: 
reg__14: 
keep__51: 
case__32: 
reg__12: 
reg__17: 
keep__26: 
keep__52: 
keep__13: 
keep__18: 
case__21: 
logic__68: 
datapath__9: 
datapath__8: 
case__27: 
case__22: 
datapath__2: 
logic__77: 
logic__78: 
reg__8: 
datapath__7: 
keep__38: 
datapath: 
keep__47: 
keep__28: 
datapath__1: 
counter__2: 
logic__69: 
logic__57: 
keep__4: 
keep__16: 
keep__19: 
datapath__5: 
logic__73: 
case: 
counter: 
case__18: 
