keep__18: 
counter__1: 
datapath__10: 
logic__109: 
keep__15: 
logic__72: 
datapath__14: 
case__43: 
datapath__3: 
wtaController: 
logic__6: 
keep__58: 
reg__11: 
reg__28: 
case__49: 
case__36: 
keep__49: 
datapath__8: 
case__33: 
logic__89: 
reg__31: 
reg__25: 
case__24: 
case__27: 
case__38: 
reg__9: 
reg__3: 
logic__96: 
reg__15: 
case__48: 
datapath__11: 
counter__2: 
keep__12: 
reg__21: 
logic__104: 
keep__30: 
logic__100: 
datapath__9: 
case__28: 
muxpart__25: 
keep__45: 
reg__19: 
case__50: 
datapath__1: 
keep__44: 
reg__1: 
keep__24: 
reg__24: 
keep__8: 
case__25: 
keep__32: 
logic__83: 
logic__82: 
keep__25: 
datapath__12: 
logic__85: 
logic__74: 
keep__42: 
keep: 
keep__43: 
datapath__15: 
case__45: 
reg__22: 
reg__26: 
keep__52: 
keep__7: 
keep__33: 
reg__10: 
case__39: 
keep__17: 
case__26: 
reg__17: 
logic__95: 
keep__3: 
logic__76: 
reg__29: 
keep__37: 
keep__59: 
keep__47: 
keep__20: 
keep__26: 
keep__5: 
logic__105: 
keep__29: 
keep__19: 
keep__40: 
reg__6: 
logic: 
case__35: 
datapath__5: 
datapath: 
reg__14: 
case__40: 
case__29: 
reg__20: 
logic__4: 
keep__51: 
top_tension_analyzer: 
logic__84: 
logic__110: 
keep__28: 
logic__14: 
reg__27: 
keep__11: 
keep__48: 
keep__4: 
case__44: 
reg__12: 
reg__30: 
keep__2: 
extladd: 
reg__13: 
reg__16: 
datapath__7: 
datapath__13: 
keep__31: 
keep__21: 
logic__77: 
keep__55: 
datapath__6: 
reg: 
logic__79: 
reg__8: 
logic__108: 
keep__35: 
keep__50: 
datapath__2: 
counter__3: 
muxpart: 
reg__7: 
case__46: 
keep__41: 
keep__13: 
case__41: 
keep__57: 
keep__27: 
keep__1: 
logic__78: 
keep__39: 
reg__23: 
logic__97: 
logic__73: 
logic__101: 
logic__88: 
keep__54: 
keep__14: 
keep__6: 
case__51: 
case__42: 
case__37: 
keep__22: 
keep__34: 
case__47: 
counter: 
keep__23: 
case__34: 
case__30: 
reg__2: 
keep__53: 
keep__9: 
keep__16: 
keep__56: 
reg__18: 
keep__10: 
logic__92: 
keep__36: 
case__32: 
case__31: 
case: 
keep__46: 
datapath__4: 
keep__38: 
