#-----------------------------------------------------------
# Vivado v2019.2 (64-bit)
# SW Build 2708876 on Wed Nov  6 21:39:14 MST 2019
# IP Build 2700528 on Thu Nov  7 00:09:20 MST 2019
# Start of session at: Tue Apr 21 00:32:58 2020
# Process ID: 3538
# Current directory: /home/nate/projects/duneWireTension/ElectricalMethod/firmware/simulation
# Command line: vivado
# Log file: /home/nate/projects/duneWireTension/ElectricalMethod/firmware/simulation/vivado.log
# Journal file: /home/nate/projects/duneWireTension/ElectricalMethod/firmware/simulation/vivado.jou
#-----------------------------------------------------------
start_gui
open_project /home/nate/projects/duneWireTension/vivadoProjects/cores2018/project_1/project_1.xpr
update_compile_order -fileset sources_1
launch_simulation
launch_simulation
launch_simulation
open_wave_config /home/nate/projects/duneWireTension/vivadoProjects/cores2018/project_1/tb_adc_emu_behav.wcfg
source tb_adc_emu.tcl
run ./scripts/force.tcl
restart
run ./scripts/force.tcl
add_force {/tb_adc_emu/top_tension_analyzer_1/S_AXI_ACLK_100} -radix hex {1 10ns} {0 60000ps} -repeat_every 100000ps
add_force {/tb_adc_emu/top_tension_analyzer_1/S_AXI_ACLK_10} -radix hex {1 0ns} {0 50000ps} -repeat_every 100000ps
add_force {/tb_adc_emu/regToDwa[0]} -radix hex {00008000 0ns}
add_force {/tb_adc_emu/regToDwa[2]} -radix hex {00000005 0ns}
add_force {/tb_adc_emu/regToDwa[4]} -radix hex {00000800 0ns}
add_force {/tb_adc_emu/regToDwa[5]} -radix hex {900 0ns}
add_force {/tb_adc_emu/regToDwa[6]} -radix hex {20 0ns}
run 10 us
add_force {/tb_adc_emu/regToDwa[1]} -radix hex {1 0ns}
run ./scripts/force.tcl
source ./scripts/force.tcl
run all
run 100 us
run 100 us
run 100 us
run 100 us
run all
save_wave_config {/home/nate/projects/duneWireTension/vivadoProjects/cores2018/project_1/tb_adc_emu_behav.wcfg}
restart
source ./scripts/force.tcl
run all
add_force {/tb_adc_emu/top_tension_analyzer_1/fifoAutoDC_ren} -radix hex {ff 0ns}
run 100 us
run 100 us
run 100 us
run 100 us
run all
add_force {/tb_adc_emu/regFromDwa_strb[24]} -radix hex {1 0ns}
run 100 us
source ./scripts/drainFifo.tcl
run all
run 100 us
run 100 us
run 100 us
run 100 us
add_force {/tb_adc_emu/top_tension_analyzer_1/S_AXI_ACLK_10} -radix hex {1 0ns} {0 50000ps} -repeat_every 100000ps
add_force {/tb_adc_emu/top_tension_analyzer_1/S_AXI_ACLK_100} -radix hex {1 0ns} {0 5000ps} -repeat_every 10000ps
restart
source ./scripts/force.tcl
save_wave_config {/home/nate/projects/duneWireTension/vivadoProjects/cores2018/project_1/tb_adc_emu_behav.wcfg}
close_sim
