keep__40: 
counter__3: 
keep__35: 
keep__51: 
reg__8: 
logic__53: 
keep__20: 
reg__13: 
keep__29: 
keep__39: 
reg__5: 
case__18: 
reg__6: 
keep__47: 
logic__44: 
keep__30: 
logic__64: 
reg__9: 
case__28: 
logic__4: 
keep__17: 
case__25: 
case__23: 
case__14: 
keep__23: 
keep__41: 
top_tension_analyzer_vc707: 
logic__45: 
keep__12: 
keep__25: 
keep__26: 
keep__5: 
logic__51: 
keep__32: 
logic__39: 
datapath: 
counter__1: 
reg__11: 
keep__36: 
datapath__2: 
keep__8: 
keep__21: 
case__20: 
keep__38: 
wtaController: 
case__13: 
case: 
counter__2: 
counter: 
keep__48: 
keep__49: 
keep__43: 
reg__12: 
reg__14: 
datapath__6: 
datapath__5: 
logic__57: 
keep__31: 
reg__7: 
keep__45: 
keep__34: 
case__19: 
keep__4: 
reg: 
case__24: 
logic__61: 
logic__41: 
keep__16: 
datapath__4: 
keep__37: 
keep__27: 
reg__10: 
keep__13: 
keep__3: 
datapath__3: 
keep__11: 
reg__3: 
keep__44: 
case__29: 
keep__15: 
logic__66: 
keep__10: 
logic__52: 
reg__4: 
logic__40: 
case__27: 
case__21: 
case__22: 
case__26: 
case__15: 
datapath__7: 
keep__19: 
keep__6: 
keep__2: 
logic__56: 
reg__15: 
keep__46: 
keep__9: 
keep__18: 
keep__33: 
keep: 
keep__1: 
case__12: 
logic__65: 
reg__16: 
logic__60: 
logic__48: 
keep__22: 
keep__24: 
keep__14: 
keep__28: 
keep__42: 
keep__7: 
datapath__1: 
logic__38: 
case__16: 
logic: 
case__17: 
keep__50: 
