reg: 
keep__5: 
reg__46: 
case__10: 
case__59: 
keep__11: 
case__15: 
dwa_ps_pl_top: 
reg__36: 
case__66: 
logic__134: 
muxpart: 
reg__24: 
reg__4: 
reg__9: 
logic__171: 
case__2: 
reg__56: 
counter__1: 
case__62: 
counter__2: 
case__53: 
keep__23: 
case__46: 
keep__27: 
case__47: 
reg__53: 
reg__29: 
datapath__9: 
datapath__1: 
logic__162: 
reg__37: 
datapath__3: 
datapath__13: 
reg__12: 
logic__59: 
logic__158: 
datapath__14: 
logic__156: 
logic__165: 
datapath__5: 
case__70: 
counter: 
reg__59: 
keep__29: 
reg__52: 
reg__49: 
reg__5: 
reg__18: 
case__12: 
case__1: 
reg__17: 
reg__21: 
keep__19: 
case__74: 
case__60: 
keep__9: 
wtaController: 
reg__6: 
keep__30: 
reg__30: 
logic__8: 
datapath__15: 
reg__7: 
reg__16: 
logic__63: 
keep__17: 
case: 
reg__2: 
keep__14: 
reg__20: 
case__17: 
reg__51: 
reg__48: 
logic__4: 
case__73: 
muxpart__28: 
case__3: 
case__7: 
case__4: 
logic__150: 
logic__142: 
reg__41: 
keep__12: 
reg__58: 
case__54: 
datapath__7: 
keep__7: 
logic__20: 
reg__44: 
reg__45: 
case__50: 
logic__140: 
keep__22: 
case__6: 
case__57: 
case__13: 
logic__149: 
reg__43: 
reg__1: 
case__21: 
logic__1: 
datapath__2: 
reg__31: 
case__51: 
reg__26: 
reg__28: 
logic__65: 
dwa_registers_v1_0_S00_AXI: 
keep__18: 
reg__19: 
case__52: 
case__18: 
logic__170: 
reg__39: 
case__19: 
reg__47: 
reg__14: 
keep__3: 
top_tension_analyzer: 
case__49: 
keep__28: 
case__16: 
case__64: 
logic__143: 
logic__12: 
counter__3: 
reg__8: 
reg__54: 
logic__133: 
datapath__8: 
case__20: 
logic__144: 
logic__13: 
keep__25: 
datapath__6: 
logic__138: 
logic__141: 
keep__10: 
logic__153: 
reg__22: 
reg__13: 
reg__25: 
keep: 
case__69: 
logic__23: 
reg__40: 
logic__135: 
datapath__10: 
reg__27: 
case__68: 
logic__157: 
logic__161: 
muxpart__29: 
keep__26: 
reg__50: 
keep__4: 
case__5: 
reg__57: 
case__67: 
logic__73: 
reg__10: 
keep__21: 
reg__15: 
case__71: 
case__9: 
case__72: 
reg__34: 
keep__24: 
datapath__16: 
datapath__12: 
logic: 
case__55: 
reg__42: 
datapath: 
keep__2: 
case__8: 
logic__16: 
keep__6: 
reg__35: 
logic__139: 
keep__16: 
reg__11: 
reg__23: 
case__48: 
reg__38: 
case__65: 
case__61: 
case__63: 
keep__31: 
reg__3: 
case__58: 
keep__1: 
logic__9: 
logic__24: 
logic__19: 
datapath__4: 
keep__20: 
keep__13: 
logic__5: 
case__56: 
reg__55: 
keep__15: 
logic__169: 
logic__166: 
logic__137: 
extladd: 
case__14: 
datapath__11: 
keep__8: 
case__11: 
