keep__19: 
keep__37: 
datapath__1: 
logic__99: 
case__42: 
keep__2: 
case__49: 
logic__82: 
case__35: 
reg__13: 
logic__80: 
keep__4: 
logic__94: 
wtaController: 
logic: 
keep__18: 
case__40: 
case__32: 
counter__2: 
counter__1: 
reg__1: 
reg__27: 
reg__6: 
reg__2: 
datapath: 
logic__75: 
keep__55: 
case__31: 
keep__56: 
case__37: 
case__29: 
keep__48: 
keep__29: 
keep__38: 
keep__9: 
keep__53: 
keep__31: 
extladd: 
keep__49: 
datapath__5: 
reg__20: 
logic__72: 
logic__90: 
logic__74: 
reg__19: 
logic__76: 
keep__47: 
reg: 
case__46: 
datapath__8: 
keep__16: 
reg__18: 
reg__30: 
logic__71: 
reg__11: 
muxpart: 
keep__51: 
logic__93: 
case__27: 
reg__31: 
logic__77: 
datapath__6: 
keep__52: 
keep__3: 
keep__23: 
datapath__10: 
keep__8: 
reg__25: 
datapath__11: 
keep__12: 
reg__28: 
reg__26: 
reg__7: 
reg__22: 
top_tension_analyzer: 
case__38: 
reg__14: 
keep__59: 
case__41: 
datapath__15: 
keep__41: 
counter: 
keep__28: 
keep__46: 
case__47: 
case__23: 
logic__108: 
keep__24: 
case__25: 
counter__3: 
datapath__13: 
logic__103: 
datapath__3: 
case__24: 
logic__81: 
keep__25: 
logic__4: 
case__30: 
case__36: 
case__43: 
reg__16: 
keep__27: 
keep__42: 
case: 
datapath__2: 
logic__6: 
keep__7: 
logic__106: 
case__44: 
keep__39: 
keep__35: 
keep__36: 
reg__23: 
logic__87: 
logic__83: 
keep__43: 
case__48: 
logic__70: 
case__39: 
reg__8: 
datapath__9: 
keep__21: 
keep__44: 
muxpart__24: 
reg__29: 
reg__3: 
keep__6: 
logic__98: 
keep__17: 
case__28: 
reg__9: 
keep__11: 
logic__107: 
datapath__4: 
reg__12: 
keep__20: 
keep__14: 
logic__86: 
case__45: 
keep__50: 
keep__40: 
keep__26: 
reg__10: 
keep__45: 
logic__14: 
case__33: 
keep__30: 
logic__102: 
keep__13: 
case__26: 
datapath__7: 
reg__15: 
datapath__14: 
keep__54: 
case__34: 
keep__1: 
keep__5: 
reg__21: 
keep__33: 
datapath__12: 
keep__34: 
reg__17: 
reg__24: 
keep__32: 
keep__22: 
keep__15: 
logic__95: 
keep__57: 
keep__58: 
keep__10: 
keep: 
