logic__71: 
case__26: 
keep__20: 
keep__56: 
logic__4: 
logic__66: 
keep__16: 
keep__57: 
case__25: 
logic__100: 
keep__59: 
logic__87: 
logic__68: 
keep__35: 
case__33: 
reg__12: 
keep__42: 
logic__70: 
counter__1: 
counter: 
reg__9: 
logic__77: 
keep__52: 
datapath__3: 
logic__94: 
keep__53: 
reg__25: 
keep__30: 
keep__7: 
keep__49: 
keep__23: 
keep__38: 
keep__51: 
keep__8: 
keep__48: 
logic__69: 
keep__5: 
datapath__7: 
keep__6: 
reg__23: 
keep__14: 
keep__34: 
reg__28: 
case: 
reg__27: 
reg__1: 
reg__13: 
keep__13: 
case__37: 
keep__22: 
keep__37: 
case__39: 
keep__12: 
logic__85: 
reg__7: 
keep__36: 
datapath__12: 
keep__40: 
case__44: 
reg__16: 
reg__17: 
datapath__14: 
case__34: 
keep__27: 
reg__10: 
reg__21: 
reg__22: 
case__42: 
reg__14: 
datapath__5: 
logic__98: 
keep__2: 
case__36: 
keep__47: 
reg__6: 
logic__12: 
reg__11: 
keep__25: 
reg__5: 
keep__33: 
keep__15: 
keep__50: 
logic__67: 
case__41: 
keep__26: 
keep__17: 
logic__82: 
reg__24: 
case__27: 
keep__19: 
keep__10: 
datapath__9: 
keep__29: 
case__45: 
wtaController: 
case__40: 
datapath__1: 
keep__3: 
datapath__13: 
datapath__6: 
datapath__10: 
logic__9: 
case__38: 
logic__79: 
keep__32: 
keep__44: 
keep__18: 
reg__29: 
datapath__4: 
keep: 
case__43: 
logic__78: 
keep__54: 
keep__9: 
reg__19: 
reg__20: 
case__24: 
case__31: 
keep__11: 
datapath__2: 
keep__46: 
logic__74: 
keep__4: 
keep__58: 
keep__1: 
reg__26: 
reg__8: 
keep__43: 
logic: 
datapath: 
keep__45: 
logic__91: 
keep__24: 
keep__41: 
logic__86: 
case__22: 
keep__55: 
case__23: 
logic__99: 
case__32: 
counter__2: 
keep__28: 
case__28: 
datapath__8: 
reg: 
keep__21: 
top_tension_analyzer: 
logic__90: 
datapath__11: 
keep__39: 
case__35: 
logic__95: 
case__29: 
counter__3: 
reg__2: 
keep__31: 
reg__15: 
case__30: 
reg__18: 
