15:48:36 **** Incremental Build of configuration Release for project lwip_ref ****
make pre-build main-build 
a9-linaro-pre-build-step
 
Building file: ../src/echo.c
Invoking: ARM v7 gcc compiler
arm-none-eabi-gcc -Wall -O2 -c -fmessage-length=0 -MT"src/echo.o" -mcpu=cortex-a9 -mfpu=vfpv3 -mfloat-abi=hard -I../../lwip_echo1_bsp/ps7_cortexa9_0/include -MMD -MP -MF"src/echo.d" -MT"src/echo.o" -o "src/echo.o" "../src/echo.c"
../src/echo.c:42:12: warning: initialization makes pointer from integer without a cast [-Wint-conversion]
 int *ptr = 0xc2000000;
            ^~~~~~~~~~
../src/echo.c: In function 'recv_callback':
../src/echo.c:160:5: warning: implicit declaration of function 'transferTcpData'; did you mean 'transfer_data'? [-Wimplicit-function-declaration]
     transferTcpData(tcpTxbuf, 12, tpcb);
     ^~~~~~~~~~~~~~~
     transfer_data
../src/echo.c:142:9: warning: unused variable 'wAckBuffLength' [-Wunused-variable]
     int wAckBuffLength = 8;
         ^~~~~~~~~~~~~~
../src/echo.c:60:7: warning: variable 'cyLiteCmd' set but not used [-Wunused-but-set-variable]
   int cyLiteCmd;
       ^~~~~~~~~
../src/echo.c:56:7: warning: variable 'pktSN' set but not used [-Wunused-but-set-variable]
   int pktSN;
       ^~~~~
../src/echo.c:54:9: warning: variable 'errCode' set but not used [-Wunused-but-set-variable]
   u32_t errCode = 0;
         ^~~~~~~
../src/echo.c: In function 'start_application':
../src/echo.c:247:3: warning: implicit declaration of function 'start_udp'; did you mean 'strtold'? [-Wimplicit-function-declaration]
   start_udp();
   ^~~~~~~~~
   strtold
Finished building: ../src/echo.c
 
Building file: ../src/i2c_access.c
Invoking: ARM v7 gcc compiler
arm-none-eabi-gcc -Wall -O2 -c -fmessage-length=0 -MT"src/i2c_access.o" -mcpu=cortex-a9 -mfpu=vfpv3 -mfloat-abi=hard -I../../lwip_echo1_bsp/ps7_cortexa9_0/include -MMD -MP -MF"src/i2c_access.d" -MT"src/i2c_access.o" -o "src/i2c_access.o" "../src/i2c_access.c"
Finished building: ../src/i2c_access.c
 
Building file: ../src/iic_phyreset.c
Invoking: ARM v7 gcc compiler
arm-none-eabi-gcc -Wall -O2 -c -fmessage-length=0 -MT"src/iic_phyreset.o" -mcpu=cortex-a9 -mfpu=vfpv3 -mfloat-abi=hard -I../../lwip_echo1_bsp/ps7_cortexa9_0/include -MMD -MP -MF"src/iic_phyreset.d" -MT"src/iic_phyreset.o" -o "src/iic_phyreset.o" "../src/iic_phyreset.c"
Finished building: ../src/iic_phyreset.c
 
Building file: ../src/main.c
Invoking: ARM v7 gcc compiler
arm-none-eabi-gcc -Wall -O2 -c -fmessage-length=0 -MT"src/main.o" -mcpu=cortex-a9 -mfpu=vfpv3 -mfloat-abi=hard -I../../lwip_echo1_bsp/ps7_cortexa9_0/include -MMD -MP -MF"src/main.d" -MT"src/main.o" -o "src/main.o" "../src/main.c"
../src/main.c: In function 'main':
../src/main.c:248:3: warning: implicit declaration of function 'drainDebugFifoUdp' [-Wimplicit-function-declaration]
   drainDebugFifoUdp(0x1F);
   ^~~~~~~~~~~~~~~~~
Finished building: ../src/main.c
 
Building file: ../src/mmUdpTx.c
Invoking: ARM v7 gcc compiler
arm-none-eabi-gcc -Wall -O2 -c -fmessage-length=0 -MT"src/mmUdpTx.o" -mcpu=cortex-a9 -mfpu=vfpv3 -mfloat-abi=hard -I../../lwip_echo1_bsp/ps7_cortexa9_0/include -MMD -MP -MF"src/mmUdpTx.d" -MT"src/mmUdpTx.o" -o "src/mmUdpTx.o" "../src/mmUdpTx.c"
../src/mmUdpTx.c: In function 'send_write_ack':
../src/mmUdpTx.c:42:3: warning: implicit declaration of function 'transfer_mmUdpTx_data' [-Wimplicit-function-declaration]
   transfer_mmUdpTx_data(udpTxbuf, wAckBuffLength, mmDataTxPcb);
   ^~~~~~~~~~~~~~~~~~~~~
../src/mmUdpTx.c: In function 'drainDebugFifoUdp':
../src/mmUdpTx.c:100:5: warning: implicit declaration of function 'xil_printf'; did you mean 'viprintf'? [-Wimplicit-function-declaration]
     xil_printf("UDP FIFO sent  %x\r\n",fifoAddr);
     ^~~~~~~~~~
     viprintf
../src/mmUdpTx.c:53:7: warning: unused variable 'rfifo' [-Wunused-variable]
   int rfifo;
       ^~~~~
../src/mmUdpTx.c:49:7: warning: unused variable 'i' [-Wunused-variable]
   int i;
       ^
../src/mmUdpTx.c:48:26: warning: unused variable 'regStatusNext' [-Wunused-variable]
   u32_t regStatusInitial,regStatusNext;
                          ^~~~~~~~~~~~~
../src/mmUdpTx.c:48:9: warning: unused variable 'regStatusInitial' [-Wunused-variable]
   u32_t regStatusInitial,regStatusNext;
         ^~~~~~~~~~~~~~~~
../src/mmUdpTx.c: In function 'start_udp':
../src/mmUdpTx.c:157:3: warning: implicit declaration of function 'print_ip'; did you mean 'printf'? [-Wimplicit-function-declaration]
   print_ip("MM Data sent to IP  : ", &udpDstIpAddr);
   ^~~~~~~~
   printf
../src/mmUdpTx.c:164:12: warning: 'return' with a value, in function returning void
     return -1;
            ^
../src/mmUdpTx.c:140:6: note: declared here
 void start_udp( ){
      ^~~~~~~~~
../src/mmUdpTx.c: In function 'drainDebugFifoUdp':
../src/mmUdpTx.c:96:48: warning: 'statusBit' may be used uninitialized in this function [-Wmaybe-uninitialized]
      statusFlags =  ((statusFlags >> (statusBit*2)) & 0x000003);
                                      ~~~~~~~~~~^~~
Finished building: ../src/mmUdpTx.c
 
Building file: ../src/platform.c
Invoking: ARM v7 gcc compiler
arm-none-eabi-gcc -Wall -O2 -c -fmessage-length=0 -MT"src/platform.o" -mcpu=cortex-a9 -mfpu=vfpv3 -mfloat-abi=hard -I../../lwip_echo1_bsp/ps7_cortexa9_0/include -MMD -MP -MF"src/platform.d" -MT"src/platform.o" -o "src/platform.o" "../src/platform.c"
Finished building: ../src/platform.c
 
Building file: ../src/platform_mb.c
Invoking: ARM v7 gcc compiler
arm-none-eabi-gcc -Wall -O2 -c -fmessage-length=0 -MT"src/platform_mb.o" -mcpu=cortex-a9 -mfpu=vfpv3 -mfloat-abi=hard -I../../lwip_echo1_bsp/ps7_cortexa9_0/include -MMD -MP -MF"src/platform_mb.d" -MT"src/platform_mb.o" -o "src/platform_mb.o" "../src/platform_mb.c"
Finished building: ../src/platform_mb.c
 
Building file: ../src/platform_ppc.c
Invoking: ARM v7 gcc compiler
arm-none-eabi-gcc -Wall -O2 -c -fmessage-length=0 -MT"src/platform_ppc.o" -mcpu=cortex-a9 -mfpu=vfpv3 -mfloat-abi=hard -I../../lwip_echo1_bsp/ps7_cortexa9_0/include -MMD -MP -MF"src/platform_ppc.d" -MT"src/platform_ppc.o" -o "src/platform_ppc.o" "../src/platform_ppc.c"
Finished building: ../src/platform_ppc.c
 
Building file: ../src/platform_zynq.c
Invoking: ARM v7 gcc compiler
arm-none-eabi-gcc -Wall -O2 -c -fmessage-length=0 -MT"src/platform_zynq.o" -mcpu=cortex-a9 -mfpu=vfpv3 -mfloat-abi=hard -I../../lwip_echo1_bsp/ps7_cortexa9_0/include -MMD -MP -MF"src/platform_zynq.d" -MT"src/platform_zynq.o" -o "src/platform_zynq.o" "../src/platform_zynq.c"
Finished building: ../src/platform_zynq.c
 
Building file: ../src/platform_zynqmp.c
Invoking: ARM v7 gcc compiler
arm-none-eabi-gcc -Wall -O2 -c -fmessage-length=0 -MT"src/platform_zynqmp.o" -mcpu=cortex-a9 -mfpu=vfpv3 -mfloat-abi=hard -I../../lwip_echo1_bsp/ps7_cortexa9_0/include -MMD -MP -MF"src/platform_zynqmp.d" -MT"src/platform_zynqmp.o" -o "src/platform_zynqmp.o" "../src/platform_zynqmp.c"
Finished building: ../src/platform_zynqmp.c
 
Building file: ../src/sfp.c
Invoking: ARM v7 gcc compiler
arm-none-eabi-gcc -Wall -O2 -c -fmessage-length=0 -MT"src/sfp.o" -mcpu=cortex-a9 -mfpu=vfpv3 -mfloat-abi=hard -I../../lwip_echo1_bsp/ps7_cortexa9_0/include -MMD -MP -MF"src/sfp.d" -MT"src/sfp.o" -o "src/sfp.o" "../src/sfp.c"
Finished building: ../src/sfp.c
 
Building file: ../src/si5324.c
Invoking: ARM v7 gcc compiler
arm-none-eabi-gcc -Wall -O2 -c -fmessage-length=0 -MT"src/si5324.o" -mcpu=cortex-a9 -mfpu=vfpv3 -mfloat-abi=hard -I../../lwip_echo1_bsp/ps7_cortexa9_0/include -MMD -MP -MF"src/si5324.d" -MT"src/si5324.o" -o "src/si5324.o" "../src/si5324.c"
Finished building: ../src/si5324.c
 
Building target: lwip_ref.elf
Invoking: ARM v7 gcc linker
arm-none-eabi-gcc -mcpu=cortex-a9 -mfpu=vfpv3 -mfloat-abi=hard -Wl,-build-id=none -specs=Xilinx.spec -Wl,-T -Wl,../src/lscript.ld -L../../lwip_echo1_bsp/ps7_cortexa9_0/lib -o "lwip_ref.elf"  ./src/echo.o ./src/i2c_access.o ./src/iic_phyreset.o ./src/main.o ./src/mmUdpTx.o ./src/platform.o ./src/platform_mb.o ./src/platform_ppc.o ./src/platform_zynq.o ./src/platform_zynqmp.o ./src/sfp.o ./src/si5324.o   -Wl,--start-group,-lxil,-lgcc,-lc,--end-group -Wl,--start-group,-lxil,-llwip4,-lgcc,-lc,--end-group
Finished building target: lwip_ref.elf
 
Invoking: ARM v7 Print Size
arm-none-eabi-size lwip_ref.elf  |tee "lwip_ref.elf.size"
   text	   data	    bss	    dec	    hex	filename
 111632	   3048	5257232	5371912	 51f808	lwip_ref.elf
Finished building: lwip_ref.elf.size
 
15:49:47 **** Auto Build of configuration Release for project lwip_ref ****
make pre-build main-build 
a9-linaro-pre-build-step
 
make: Nothing to be done for `main-build'.
19:25:34 **** Auto Build of configuration Release for project lwip_ref ****
make pre-build main-build 
a9-linaro-pre-build-step
 
Building file: ../src/mmUdpTx.c
Invoking: ARM v7 gcc compiler
arm-none-eabi-gcc -Wall -O2 -c -fmessage-length=0 -MT"src/mmUdpTx.o" -mcpu=cortex-a9 -mfpu=vfpv3 -mfloat-abi=hard -I../../lwip_echo1_bsp/ps7_cortexa9_0/include -MMD -MP -MF"src/mmUdpTx.d" -MT"src/mmUdpTx.o" -o "src/mmUdpTx.o" "../src/mmUdpTx.c"
../src/mmUdpTx.c: In function 'send_write_ack':
../src/mmUdpTx.c:42:3: warning: implicit declaration of function 'transfer_mmUdpTx_data' [-Wimplicit-function-declaration]
   transfer_mmUdpTx_data(udpTxbuf, wAckBuffLength, mmDataTxPcb);
   ^~~~~~~~~~~~~~~~~~~~~
../src/mmUdpTx.c: In function 'drainDebugFifoUdp':
../src/mmUdpTx.c:100:5: warning: implicit declaration of function 'xil_printf'; did you mean 'viprintf'? [-Wimplicit-function-declaration]
     xil_printf("UDP FIFO sent  %x\r\n",fifoAddr);
     ^~~~~~~~~~
     viprintf
../src/mmUdpTx.c:53:7: warning: unused variable 'rfifo' [-Wunused-variable]
   int rfifo;
       ^~~~~
../src/mmUdpTx.c:49:7: warning: unused variable 'i' [-Wunused-variable]
   int i;
       ^
../src/mmUdpTx.c:48:26: warning: unused variable 'regStatusNext' [-Wunused-variable]
   u32_t regStatusInitial,regStatusNext;
                          ^~~~~~~~~~~~~
../src/mmUdpTx.c:48:9: warning: unused variable 'regStatusInitial' [-Wunused-variable]
   u32_t regStatusInitial,regStatusNext;
         ^~~~~~~~~~~~~~~~
../src/mmUdpTx.c: In function 'start_udp':
../src/mmUdpTx.c:157:3: warning: implicit declaration of function 'print_ip'; did you mean 'printf'? [-Wimplicit-function-declaration]
   print_ip("MM Data sent to IP  : ", &udpDstIpAddr);
   ^~~~~~~~
   printf
../src/mmUdpTx.c:164:12: warning: 'return' with a value, in function returning void
     return -1;
            ^
../src/mmUdpTx.c:140:6: note: declared here
 void start_udp( ){
      ^~~~~~~~~
../src/mmUdpTx.c: In function 'drainDebugFifoUdp':
../src/mmUdpTx.c:96:48: warning: 'statusBit' may be used uninitialized in this function [-Wmaybe-uninitialized]
      statusFlags =  ((statusFlags >> (statusBit*2)) & 0x000003);
                                      ~~~~~~~~~~^~~
Finished building: ../src/mmUdpTx.c
 
Building target: lwip_ref.elf
Invoking: ARM v7 gcc linker
arm-none-eabi-gcc -mcpu=cortex-a9 -mfpu=vfpv3 -mfloat-abi=hard -Wl,-build-id=none -specs=Xilinx.spec -Wl,-T -Wl,../src/lscript.ld -L../../lwip_echo1_bsp/ps7_cortexa9_0/lib -o "lwip_ref.elf"  ./src/echo.o ./src/i2c_access.o ./src/iic_phyreset.o ./src/main.o ./src/mmUdpTx.o ./src/platform.o ./src/platform_mb.o ./src/platform_ppc.o ./src/platform_zynq.o ./src/platform_zynqmp.o ./src/sfp.o ./src/si5324.o   -Wl,--start-group,-lxil,-lgcc,-lc,--end-group -Wl,--start-group,-lxil,-llwip4,-lgcc,-lc,--end-group
Finished building target: lwip_ref.elf
 
Invoking: ARM v7 Print Size
arm-none-eabi-size lwip_ref.elf  |tee "lwip_ref.elf.size"
   text	   data	    bss	    dec	    hex	filename
 111632	   3048	5257232	5371912	 51f808	lwip_ref.elf
Finished building: lwip_ref.elf.size
 
