21:57:52 **** Auto Build of configuration Release for project lwip_ref ****
make pre-build main-build 
a9-linaro-pre-build-step
 
Building file: ../src/main.c
Invoking: ARM v7 gcc compiler
arm-none-eabi-gcc -Wall -O2 -c -fmessage-length=0 -MT"src/main.o" -mcpu=cortex-a9 -mfpu=vfpv3 -mfloat-abi=hard -I../../lwip_echo1_bsp/ps7_cortexa9_0/include -MMD -MP -MF"src/main.d" -MT"src/main.o" -o "src/main.o" "../src/main.c"
../src/main.c: In function 'main':
../src/main.c:132:2: warning: implicit declaration of function 'sleep'; did you mean 'strsep'? [-Wimplicit-function-declaration]
  sleep(3);
  ^~~~~
  strsep
../src/main.c:255:3: warning: implicit declaration of function 'drainDebugFifoUdp' [-Wimplicit-function-declaration]
   drainDebugFifoUdp(0x18);
   ^~~~~~~~~~~~~~~~~
../src/main.c:130:72: warning: 'udpMacAddr' is used uninitialized in this function [-Wuninitialized]
  xil_printf("pre sleep MAC address 84, 2b, 2b, %x%x%x\r\n", udpMacAddrB[2], udpMacAddrB[1],udpMacAddrB[0]);
                                                             ~~~~~~~~~~~^~~
Finished building: ../src/main.c
 
Building target: lwip_ref.elf
Invoking: ARM v7 gcc linker
arm-none-eabi-gcc -mcpu=cortex-a9 -mfpu=vfpv3 -mfloat-abi=hard -Wl,-build-id=none -specs=Xilinx.spec -Wl,-T -Wl,../src/lscript.ld -L../../lwip_echo1_bsp/ps7_cortexa9_0/lib -o "lwip_ref.elf"  ./src/echo.o ./src/i2c_access.o ./src/iic_phyreset.o ./src/main.o ./src/mmUdpTx.o ./src/platform.o ./src/platform_mb.o ./src/platform_ppc.o ./src/platform_zynq.o ./src/platform_zynqmp.o ./src/sfp.o ./src/si5324.o   -Wl,--start-group,-lxil,-lgcc,-lc,--end-group -Wl,--start-group,-lxil,-llwip4,-lgcc,-lc,--end-group
Finished building target: lwip_ref.elf
 
Invoking: ARM v7 Print Size
arm-none-eabi-size lwip_ref.elf  |tee "lwip_ref.elf.size"
   text	   data	    bss	    dec	    hex	filename
 111996	   3048	5257232	5372276	 51f974	lwip_ref.elf
Finished building: lwip_ref.elf.size
 

21:57:52 Build Finished (took 166ms)

