case__25: 
keep__30: 
keep__12: 
keep__13: 
case__21: 
keep__40: 
datapath__8: 
reg__10: 
reg__18: 
logic__65: 
keep__8: 
reg__4: 
counter__3: 
keep__41: 
datapath__3: 
datapath__6: 
keep__34: 
logic__58: 
counter__1: 
counter__2: 
case__18: 
case__15: 
case__30: 
logic__67: 
datapath__9: 
keep__27: 
case__29: 
keep__19: 
keep__39: 
case__28: 
case__24: 
keep__2: 
case__19: 
top_tension_analyzer_vc707: 
logic__71: 
case__26: 
reg__6: 
keep__46: 
keep__43: 
keep__45: 
keep__37: 
keep__25: 
logic__54: 
logic__66: 
datapath__7: 
datapath: 
keep__6: 
wtaController: 
logic__70: 
logic__78: 
logic__79: 
keep__51: 
datapath__5: 
case__23: 
reg__14: 
keep__36: 
reg__5: 
case: 
counter: 
keep__26: 
case__16: 
keep__48: 
logic__4: 
datapath__1: 
logic__53: 
keep__53: 
case__35: 
keep__32: 
keep__3: 
keep__24: 
keep__50: 
keep__33: 
reg: 
reg__15: 
logic__74: 
reg__11: 
keep__17: 
keep__44: 
case__32: 
reg__8: 
keep__28: 
case__17: 
keep__49: 
keep__16: 
logic__62: 
reg__1: 
keep__9: 
keep__21: 
keep__31: 
case__33: 
keep__29: 
keep__18: 
keep__15: 
case__22: 
keep__47: 
case__20: 
datapath__4: 
keep__38: 
keep__14: 
keep__22: 
case__27: 
keep__5: 
reg__17: 
datapath__10: 
reg__9: 
keep__10: 
keep__7: 
logic__80: 
case__34: 
keep__4: 
logic__52: 
reg__13: 
reg__16: 
reg__7: 
logic__51: 
logic__75: 
keep: 
keep__35: 
datapath__2: 
keep__11: 
logic__57: 
reg__12: 
keep__1: 
keep__20: 
keep__52: 
logic__59: 
keep__42: 
keep__23: 
logic: 
case__31: 
