counter__1: 
case__41: 
keep__40: 
keep__26: 
datapath__9: 
keep__35: 
keep__27: 
case__32: 
keep__48: 
logic__107: 
logic__94: 
reg__2: 
keep__24: 
case: 
logic__71: 
keep__5: 
reg__27: 
keep__23: 
logic__87: 
datapath__4: 
keep__31: 
logic__88: 
keep__34: 
reg__7: 
keep__45: 
reg__25: 
wtaController: 
logic__108: 
keep__8: 
reg__28: 
counter__3: 
keep__55: 
keep__33: 
reg__14: 
reg__16: 
keep__30: 
datapath__7: 
case__46: 
logic__82: 
datapath__2: 
case__43: 
keep__58: 
case__27: 
case__25: 
reg__23: 
logic__95: 
keep__37: 
keep__42: 
reg__6: 
logic__72: 
keep__3: 
keep__2: 
logic__86: 
logic__78: 
case__23: 
reg__13: 
counter__2: 
case__40: 
keep__32: 
keep__19: 
keep__20: 
keep__43: 
case__28: 
keep__36: 
keep__46: 
keep__10: 
case__33: 
reg__18: 
keep__13: 
reg__26: 
logic__14: 
reg__1: 
keep__21: 
keep__15: 
logic__74: 
datapath__5: 
keep__22: 
case__35: 
keep__17: 
datapath__8: 
case__30: 
logic__4: 
datapath__12: 
logic__96: 
datapath__13: 
keep: 
keep__47: 
logic__104: 
case__44: 
reg__29: 
logic__99: 
logic__75: 
case__39: 
reg__9: 
keep__1: 
keep__14: 
logic: 
logic__6: 
datapath__1: 
datapath: 
keep__39: 
datapath__10: 
keep__12: 
keep__11: 
keep__28: 
keep__4: 
case__38: 
keep__52: 
reg__20: 
reg__17: 
reg__3: 
keep__57: 
logic__85: 
case__24: 
keep__16: 
keep__49: 
keep__54: 
logic__100: 
keep__25: 
reg__19: 
datapath__14: 
case__29: 
case__34: 
reg__11: 
keep__56: 
reg: 
case__31: 
keep__51: 
keep__6: 
keep__7: 
reg__21: 
keep__9: 
case__45: 
reg__8: 
reg__12: 
keep__18: 
reg__22: 
reg__15: 
logic__91: 
logic__70: 
reg__24: 
case__26: 
keep__50: 
keep__44: 
case__37: 
logic__73: 
reg__10: 
keep__41: 
datapath__6: 
logic__103: 
counter: 
logic__109: 
top_tension_analyzer: 
keep__53: 
case__42: 
keep__59: 
keep__38: 
datapath__11: 
datapath__3: 
keep__29: 
case__36: 
case__47: 
