keep__22: 
logic__60: 
keep__27: 
datapath__1: 
logic__42: 
keep__3: 
keep__38: 
keep__19: 
case__18: 
keep__45: 
datapath__4: 
logic__37: 
keep__44: 
keep__39: 
datapath: 
reg__7: 
logic__51: 
reg__3: 
logic__36: 
case__23: 
case__25: 
keep__14: 
case: 
counter: 
keep__26: 
datapath__3: 
keep__1: 
keep__46: 
keep__30: 
case__12: 
case__15: 
datapath__5: 
keep__17: 
logic__47: 
keep__47: 
reg__9: 
keep__16: 
reg: 
case__17: 
case__26: 
logic__52: 
reg__12: 
logic__48: 
keep__28: 
keep__9: 
case__16: 
logic__39: 
keep__5: 
keep__12: 
keep__41: 
keep__40: 
case__14: 
reg__11: 
case__22: 
counter__3: 
reg__4: 
logic__38: 
reg__8: 
keep__29: 
keep__32: 
keep__31: 
datapath__7: 
logic__55: 
wtaController: 
keep__8: 
reg__5: 
keep__25: 
logic__61: 
keep__23: 
reg__10: 
keep__11: 
counter__1: 
top_tension_analyzer_vc707: 
datapath__6: 
keep: 
case__20: 
keep__21: 
keep__43: 
keep__33: 
case__24: 
case__11: 
keep__2: 
keep__48: 
keep__42: 
logic: 
logic__4: 
reg__14: 
logic__59: 
keep__20: 
counter__2: 
keep__37: 
keep__34: 
keep__49: 
keep__35: 
keep__10: 
keep__51: 
keep__15: 
logic__46: 
keep__13: 
datapath__2: 
reg__13: 
keep__36: 
keep__18: 
keep__6: 
keep__7: 
reg__6: 
keep__24: 
case__19: 
keep__50: 
case__21: 
logic__56: 
case__27: 
case__13: 
logic__43: 
keep__4: 
