case__28: 
reg__27: 
reg__13: 
reg__15: 
case__25: 
reg__12: 
case__31: 
case__32: 
datapath__8: 
datapath__10: 
keep__12: 
logic__76: 
keep__4: 
reg__19: 
keep__36: 
keep__28: 
reg__1: 
logic__11: 
logic__85: 
case: 
keep__18: 
reg__8: 
keep__52: 
case__33: 
keep__50: 
keep__9: 
datapath__9: 
keep__20: 
keep__30: 
reg__16: 
logic__84: 
case__37: 
datapath__7: 
keep__11: 
datapath__6: 
keep__41: 
keep__51: 
reg__3: 
reg__30: 
case__42: 
keep__22: 
reg__14: 
case__26: 
keep__34: 
keep__15: 
keep__40: 
reg__17: 
keep__1: 
case__35: 
keep__55: 
reg__25: 
keep__43: 
keep__58: 
case__39: 
case__22: 
counter__2: 
keep__6: 
case__45: 
keep__26: 
keep__13: 
logic__88: 
reg__24: 
top_tension_analyzer: 
reg__18: 
datapath__11: 
keep__16: 
datapath__2: 
case__34: 
wtaController: 
keep__21: 
keep__31: 
case__27: 
reg__10: 
keep__48: 
keep__44: 
datapath__12: 
keep__46: 
keep: 
datapath__1: 
reg__7: 
datapath__4: 
datapath__14: 
logic__77: 
keep__39: 
reg__26: 
keep__57: 
keep__42: 
logic__89: 
datapath__13: 
keep__27: 
keep__7: 
keep__59: 
reg__20: 
logic__83: 
reg__23: 
logic__4: 
reg__9: 
keep__17: 
case__43: 
case__40: 
case__30: 
keep__25: 
logic: 
case__44: 
logic__92: 
logic__66: 
logic__69: 
datapath: 
keep__5: 
keep__8: 
keep__47: 
reg__6: 
datapath__15: 
reg__21: 
counter__1: 
logic__68: 
case__36: 
logic__65: 
logic__67: 
case__29: 
datapath__5: 
keep__37: 
case__41: 
reg: 
keep__38: 
case__23: 
keep__19: 
reg__2: 
logic__80: 
keep__49: 
logic__97: 
keep__35: 
keep__53: 
keep__32: 
keep__54: 
logic__96: 
datapath__3: 
reg__28: 
reg__22: 
reg__29: 
keep__56: 
logic__93: 
case__38: 
logic__72: 
keep__33: 
keep__45: 
keep__29: 
case__24: 
reg__11: 
keep__14: 
keep__24: 
keep__2: 
keep__3: 
logic__98: 
keep__10: 
logic__75: 
keep__23: 
counter: 
